// Jest Snapshot v1, https://goo.gl/fbAQLP

exports[`Colored Typography renders correctly 1`] = `
<div>
  <p
    class="MuiTypography-root MuiTypography-body1 css-vkc4v8-MuiTypography-root"
  >
    body1. Lorem ipsum dolor sit amet, consectetur adipisicing elit. Quos blanditiis tenetur unde suscipit, quam beatae rerum inventore consectetur, neque doloribus, cupiditate numquam dignissimos laborum fugiat deleniti? Eum quasi quidem quibusdam.
  </p>
</div>
`;

exports[`Typography renders correctly 1`] = `
<div>
  <h1
    class="MuiTypography-root MuiTypography-h1 css-o2w69a-MuiTypography-root"
  >
    h1. Heading
  </h1>
</div>
`;
