// Jest Snapshot v1, https://goo.gl/fbAQLP

exports[`Paper renders correctly 1`] = `
<div>
  <div
    class="MuiPaper-root MuiPaper-elevation MuiPaper-rounded MuiPaper-elevation1 css-1oj31o6-MuiPaper-root"
  >
    Some content
  </div>
</div>
`;
